./gradlew : 
At line:1 char:1
+ ./gradlew :app:compileDebugJavaWithJavac 
> build_errors.txt 2>&1
+ ~~~~~~~~~~~~~~~~~~~~~~~~~~~~~~~~~~~~~~~~~
~~~~~~~~~~~~~~~~~~~~~~~
    + CategoryInfo          : NotSpecified:
     (:String) [], RemoteException
    + FullyQualifiedErrorId : NativeCommand
    Error
 
FAILURE: Build failed with an exception.

* What went wrong:
org.gradle.api.internal.catalog.GeneratedCl
assCompilationException: No Java compiler f
ound, please ensure you are running Gradle 
with a JDK
> No Java compiler found, please ensure you
 are running Gradle with a JDK

* Try:
> Run with --stacktrace option to get the s
tack trace.
> Run with --info or --debug option to get 
more log output.
> Run with --scan to get full insights.
> Get more help at https://help.gradle.org.

BUILD FAILED in 589ms
